exec             {:command :fire-synthetic-chrome-event, :chrome-event [:chromex.ext.commands/on-command ["open-dirac-devtools"]]}
dirac extension  handling command: open-dirac-devtools
dirac extension  register dirac connection #1
dirac frontend   implant initialized
dirac frontend   console initialized
exec             {:command :automate-dirac-frontend, :connection-id "1", :action {:action :switch-to-dirac-prompt}}
dirac frontend   switch console prompt to dirac
dirac frontend   console prompt focused
dirac frontend   repl initialized
dirac frontend   setDiracPromptStatusContent('Unable to connect to Dirac Agent at ws://localhost:8231')
dirac frontend   setDiracPromptStatusStyle('error')
dirac frontend   setDiracPromptStatusContent('<b>Dirac Agent is not listening</b> at ws://localhost:8231 (<a href="https://github.com/binaryage/dirac#start-dirac-agent">need help?</a>).')
dirac frontend   setDiracPromptStatusBanner('will try reconnect in 1 seconds')
dirac frontend   setDiracPromptStatusBanner('')
dirac frontend   setDiracPromptStatusContent('Unable to connect to Dirac Agent at ws://localhost:8231')
dirac frontend   setDiracPromptStatusContent('<b>Dirac Agent is not listening</b> at ws://localhost:8231 (<a href="https://github.com/binaryage/dirac#start-dirac-agent">need help?</a>).')
dirac frontend   setDiracPromptStatusBanner('will try reconnect in 2 seconds')
dirac frontend   setDiracPromptStatusBanner('will try reconnect in 1 seconds')
dirac frontend   setDiracPromptStatusBanner('')
dirac frontend   setDiracPromptStatusContent('Unable to connect to Dirac Agent at ws://localhost:8231')
dirac frontend   setDiracPromptStatusContent('<b>Dirac Agent is not listening</b> at ws://localhost:8231 (<a href="https://github.com/binaryage/dirac#start-dirac-agent">need help?</a>).')
dirac frontend   setDiracPromptStatusBanner('will try reconnect in 4 seconds')
exec             {:command :fire-synthetic-chrome-event, :chrome-event [:chromex.ext.commands/on-command ["close-dirac-devtools" "1"]]}
dirac extension  handling command: close-dirac-devtools
dirac extension  unregister dirac connection #1