automate         open-tab-with-scenario! normal
automate         [:chromex.ext.commands/on-command ["open-dirac-devtools" {:reset-settings 1}]]
extension        handling command: open-dirac-devtools
extension        register devtools #1
devtools #1      implant initialized
devtools #1      devtools ready
devtools #1      setCurrentPanel: elements
automate #1      {:action :switch-inspector-panel, :panel :console}
devtools #1      console initialized
devtools #1      adopt-prompt-element use-parinfer? false
devtools #1      setDiracPromptMode('status')
devtools #1      ConsoleView constructed
automate #1      {:action :switch-to-dirac-prompt}
devtools #1      setCurrentPanel: console
devtools #1      switch console prompt to dirac
devtools #1      console prompt focused
devtools #1      repl initialized