automate         open-tab-with-scenario! no-agent
automate         [:chromex.ext.commands/on-command ["open-dirac-devtools" {:reset-settings 1}]]
extension        handling command: open-dirac-devtools
extension        register devtools #1
devtools #1      implant initialized
devtools #1      devtools ready
devtools #1      setCurrentPanel: elements
automate #1      {:action :switch-inspector-panel, :panel :console}
devtools #1      console initialized
devtools #1      adopt-prompt-element use-parinfer? true
devtools #1      setDiracPromptMode('status')
devtools #1      ConsoleView constructed
automate #1      {:action :switch-to-dirac-prompt}
devtools #1      setCurrentPanel: console
devtools #1      switch console prompt to dirac
devtools #1      console prompt focused
devtools #1      repl initialized
devtools #1      setDiracPromptStatusContent('Unable to connect to Dirac Agent at ws://localhost:9999')
devtools #1      setDiracPromptStatusStyle('error')
devtools #1      setDiracPromptStatusContent('<b>Dirac Agent is not listening</b> at ws://localhost:9999 (<a href="https://github.com/binaryage/dirac/blob/master/docs/installation.md#start-dirac-agent">need help?</a>).')
devtools #1      setDiracPromptStatusBanner('will try reconnect in 1 seconds')
devtools #1      setDiracPromptStatusBanner('')
devtools #1      setDiracPromptStatusContent('Unable to connect to Dirac Agent at ws://localhost:9999')
devtools #1      setDiracPromptStatusContent('<b>Dirac Agent is not listening</b> at ws://localhost:9999 (<a href="https://github.com/binaryage/dirac/blob/master/docs/installation.md#start-dirac-agent">need help?</a>).')
devtools #1      setDiracPromptStatusBanner('will try reconnect in 2 seconds')
devtools #1      setDiracPromptStatusBanner('will try reconnect in 1 seconds')
devtools #1      setDiracPromptStatusBanner('')
devtools #1      setDiracPromptStatusContent('Unable to connect to Dirac Agent at ws://localhost:9999')
devtools #1      setDiracPromptStatusContent('<b>Dirac Agent is not listening</b> at ws://localhost:9999 (<a href="https://github.com/binaryage/dirac/blob/master/docs/installation.md#start-dirac-agent">need help?</a>).')
devtools #1      setDiracPromptStatusBanner('will try reconnect in 4 seconds')